<html>
<head>
  <meta http-equiv="Content-Type" content="text/html; charset=UTF-8">
</head>
<body>

<table border="1">
  <tr>
    <th>Name</th>
    <th>Age</th>
    <th>Skills</th>
    <th>Test results</th>
    <th>Decided</th>
  </tr>
  <tr>
    <td>
      Jean Test
      (m.n.: Jean Test)
    </td>
    <td>20</td>
    <td>
        HTML,
        CSS
    </td>
    <td>
        a: 10.5,
        b: 20.0,
        c: 30.0
    </td>
    <td>
      Y
    </td>
  </tr>
  <tr>
    <td>
      Jos√© Test
      
    </td>
    <td>30</td>
    <td>
        Ruby,
        C++,
        Cuda
    </td>
    <td>
        a: 20.0,
        b: 30.0,
        c: 40.0
    </td>
    <td>
      N
    </td>
  </tr>
</table>

</body>
</html>
