1.00
Y/N
1995-06-07T15:16:17
19950607
15:16:17
16:16:17